$ next build
▲ Next.js 16.2.3 (Turbopack)
- Environments: .env.local

  Creating an optimized production build ...
✓ Compiled successfully in 2.2s
  Running TypeScript ...
  Finished TypeScript in 2.1s ...
  Collecting page data using 9 workers ...
  Generating static pages using 9 workers (0/11) ...
  Generating static pages using 9 workers (2/11) 
⨯ useSearchParams() should be wrapped in a suspense boundary at page "/auth/login". Read more: https://nextjs.org/docs/messages/missing-suspense-with-csr-bailout
    at S (/Users/antoniopertuz/Documents/work/byteform/.next/server/chunks/ssr/_04jfb8~._.js:60:2692)
    at r (/Users/antoniopertuz/Documents/work/byteform/.next/server/chunks/ssr/_04jfb8~._.js:62:6760)
    at /Users/antoniopertuz/Documents/work/byteform/.next/server/chunks/ssr/src_app_auth_login_page_tsx_0g858lm._.js:1:874
    at an (/Users/antoniopertuz/Documents/work/byteform/node_modules/next/dist/compiled/next-server/app-page-turbo.runtime.prod.js:2:84267)
    at ai (/Users/antoniopertuz/Documents/work/byteform/node_modules/next/dist/compiled/next-server/app-page-turbo.runtime.prod.js:2:86086)
    at al (/Users/antoniopertuz/Documents/work/byteform/node_modules/next/dist/compiled/next-server/app-page-turbo.runtime.prod.js:2:107860)
    at ao (/Users/antoniopertuz/Documents/work/byteform/node_modules/next/dist/compiled/next-server/app-page-turbo.runtime.prod.js:2:105275)
    at aa (/Users/antoniopertuz/Documents/work/byteform/node_modules/next/dist/compiled/next-server/app-page-turbo.runtime.prod.js:2:84619)
    at ai (/Users/antoniopertuz/Documents/work/byteform/node_modules/next/dist/compiled/next-server/app-page-turbo.runtime.prod.js:2:86135)
    at ai (/Users/antoniopertuz/Documents/work/byteform/node_modules/next/dist/compiled/next-server/app-page-turbo.runtime.prod.js:2:104615)
Error occurred prerendering page "/auth/login". Read more: https://nextjs.org/docs/messages/prerender-error
Export encountered an error on /auth/login/page: /auth/login, exiting the build.
⨯ Next.js build worker exited with code: 1 and signal: null
error: script "build" exited with code 1
